2026-09-07 18:32:45 | __main__ | INFO | === BAT DAU bilstm/seed42 | config=configs/bilstm.yaml | device=cpu ===
2026-09-07 18:32:45 | __main__ | INFO | Log ghi tai logs\bilstm\seed42.log — theo doi: python scripts/watch_train.py --exp bilstm --seed 42
2026-09-07 18:32:54 | __main__ | INFO | Chuan bi xong (tokenize + dung mo hinh) — bat dau huan luyen
2026-09-07 18:36:11 | __main__ | INFO | [bilstm/seed42] epoch 1/30 | train_loss=0.7233 | dev_acc=0.8004 | dev_macro_f1=0.6902
2026-09-07 18:39:31 | __main__ | INFO | [bilstm/seed42] epoch 2/30 | train_loss=0.4882 | dev_acc=0.8438 | dev_macro_f1=0.7435
2026-09-07 18:42:56 | __main__ | INFO | [bilstm/seed42] epoch 3/30 | train_loss=0.3933 | dev_acc=0.8646 | dev_macro_f1=0.7783
2026-09-07 18:46:29 | __main__ | INFO | [bilstm/seed42] epoch 4/30 | train_loss=0.3213 | dev_acc=0.8640 | dev_macro_f1=0.7812
2026-09-07 18:49:47 | __main__ | INFO | [bilstm/seed42] epoch 5/30 | train_loss=0.2645 | dev_acc=0.8667 | dev_macro_f1=0.7916
2026-09-07 18:53:19 | __main__ | INFO | [bilstm/seed42] epoch 6/30 | train_loss=0.2111 | dev_acc=0.8679 | dev_macro_f1=0.7933
2026-09-07 18:56:43 | __main__ | INFO | [bilstm/seed42] epoch 7/30 | train_loss=0.1714 | dev_acc=0.8691 | dev_macro_f1=0.7933
2026-09-07 19:00:06 | __main__ | INFO | [bilstm/seed42] epoch 8/30 | train_loss=0.1349 | dev_acc=0.8664 | dev_macro_f1=0.7922
2026-09-07 19:03:12 | __main__ | INFO | [bilstm/seed42] epoch 9/30 | train_loss=0.1072 | dev_acc=0.8655 | dev_macro_f1=0.7882
2026-09-07 19:06:30 | __main__ | INFO | [bilstm/seed42] epoch 10/30 | train_loss=0.0867 | dev_acc=0.8601 | dev_macro_f1=0.7829
2026-09-07 19:09:52 | __main__ | INFO | [bilstm/seed42] epoch 11/30 | train_loss=0.0693 | dev_acc=0.8613 | dev_macro_f1=0.7779
2026-09-07 19:13:23 | __main__ | INFO | [bilstm/seed42] epoch 12/30 | train_loss=0.0536 | dev_acc=0.8676 | dev_macro_f1=0.7934
2026-09-07 19:17:01 | __main__ | INFO | [bilstm/seed42] epoch 13/30 | train_loss=0.0479 | dev_acc=0.8640 | dev_macro_f1=0.7840
2026-09-07 19:20:13 | __main__ | INFO | [bilstm/seed42] epoch 14/30 | train_loss=0.0394 | dev_acc=0.8661 | dev_macro_f1=0.7864
2026-09-07 19:23:16 | __main__ | INFO | [bilstm/seed42] epoch 15/30 | train_loss=0.0324 | dev_acc=0.8625 | dev_macro_f1=0.7798
2026-09-07 19:26:18 | __main__ | INFO | [bilstm/seed42] epoch 16/30 | train_loss=0.0266 | dev_acc=0.8646 | dev_macro_f1=0.7848
2026-09-07 19:29:24 | __main__ | INFO | [bilstm/seed42] epoch 17/30 | train_loss=0.0213 | dev_acc=0.8691 | dev_macro_f1=0.7901
2026-09-07 19:29:24 | __main__ | INFO | Dung som o epoch 17 (khong cai thien sau 5 epoch)
2026-09-07 19:29:36 | __main__ | INFO | Da ghi results\bilstm\seed42\metrics.json
2026-09-07 19:29:36 | __main__ | INFO | === KET THUC bilstm/seed42 ===
2026-09-08 07:48:29 | __main__ | INFO | === BAT DAU bilstm/seed42 | config=configs/bilstm.yaml | device=cpu ===
2026-09-08 07:48:29 | __main__ | INFO | Log ghi tai logs\bilstm\seed42.log — theo doi: python scripts/watch_train.py --exp bilstm --seed 42
2026-09-08 07:48:39 | __main__ | INFO | Chuan bi xong (dung dataset + mo hinh) — bat dau huan luyen
2026-09-08 07:48:54 | __main__ | INFO | --no-train: giu nguyen train_time_sec = 3389.7 s tu lan chay truoc (lan nay khong huan luyen nen khong do duoc)
2026-09-08 07:48:54 | __main__ | INFO | Da ghi results\bilstm\seed42\metrics.json
2026-09-08 07:48:54 | __main__ | INFO | Da ghi results\bilstm\seed42\predictions.jsonl (6,722 dong)
2026-09-08 07:48:54 | __main__ | INFO | === KET THUC bilstm/seed42 ===
2026-09-08 07:53:44 | __main__ | INFO | === BAT DAU bilstm/seed42 | config=configs/bilstm.yaml | device=cpu ===
2026-09-08 07:53:44 | __main__ | INFO | Log ghi tai logs\bilstm\seed42.log — theo doi: python scripts/watch_train.py --exp bilstm --seed 42
2026-09-08 07:53:54 | __main__ | INFO | Chuan bi xong (dung dataset + mo hinh) — bat dau huan luyen
2026-09-08 07:54:08 | __main__ | INFO | --no-train: giu nguyen train_time_sec = 3389.7 s tu lan chay truoc (lan nay khong huan luyen nen khong do duoc)
2026-09-08 07:54:08 | __main__ | INFO | Da ghi results\bilstm\seed42\metrics.json
2026-09-08 07:54:08 | __main__ | INFO | Da ghi results\bilstm\seed42\predictions.jsonl (6,722 dong)
2026-09-08 07:54:08 | __main__ | INFO | === KET THUC bilstm/seed42 ===
